shubhendra@ShubhendraLOQ:/mnt/c/Users/shubh/Documents/Arith/build$ cmake -S ..
-- The C compiler identification is GNU 11.4.0
-- Detecting C compiler ABI info
-- Detecting C compiler ABI info - done
-- Check for working C compiler: /usr/bin/cc - skipped
-- Detecting C compile features
-- Detecting C compile features - done
-- Configuring done
-- Generating done
-- Build files have been written to: /mnt/c/Users/shubh/Documents/Arith/build
shubhendra@ShubhendraLOQ:/mnt/c/Users/shubh/Documents/Arith/build$ make
[ 20%] Building C object CMakeFiles/repolib.dir/src/arith32.c.o
[ 40%] Linking C shared library repolib.so
[ 40%] Built target repolib
[ 60%] Building C object CMakeFiles/test_arith32.dir/test/test_arith32.c.o
[ 80%] Building C object CMakeFiles/test_arith32.dir/test/unity/unity.c.o
[100%] Linking C executable test_arith32
[100%] Built target test_arith32
shubhendra@ShubhendraLOQ:/mnt/c/Users/shubh/Documents/Arith/build$ ctest
Test project /mnt/c/Users/shubh/Documents/Arith/build
    Start 1: Arith32Tests
1/1 Test #1: Arith32Tests .....................   Passed    0.04 sec

100% tests passed, 0 tests failed out of 1

Total Test time (real) =   0.10 sec
shubhendra@ShubhendraLOQ:/mnt/c/Users/shubh/Documents/Arith/build$ ./test_arith32 
/mnt/c/Users/shubh/Documents/Arith/test/test_arith32.c:47:test_add:PASS
/mnt/c/Users/shubh/Documents/Arith/test/test_arith32.c:48:test_subtract:PASS
/mnt/c/Users/shubh/Documents/Arith/test/test_arith32.c:49:test_multiply:PASS
/mnt/c/Users/shubh/Documents/Arith/test/test_arith32.c:50:test_divide:PASS

-----------------------
4 Tests 0 Failures 0 Ignored 
OK
shubhendra@ShubhendraLOQ:/mnt/c/Users/shubh/Documents/Arith/build$ sudo make install
Consolidate compiler generated dependencies of target repolib
[ 40%] Built target repolib
Consolidate compiler generated dependencies of target test_arith32
[100%] Built target test_arith32
Install the project...
-- Install configuration: ""
-- Installing: /usr/local/lib/repolib.so
-- Installing: /usr/local/include/arith32.h
shubhendra@ShubhendraLOQ:/mnt/c/Users/shubh/Documents/Arith/build$ 